Warning: Ignoring XDG_SESSION_TYPE=wayland on Gnome. Use QT_QPA_PLATFORM=wayland to run on Wayland anyway.
OpenROAD 26Q2-2517-g7304ba78ad 
Features included (+) or not (-): +GPU +GUI +Python
This program is licensed under the BSD-3 license. See the LICENSE file for details.
Components of this program may be licensed under more restrictive licenses which must be honored.
[WARNING STA-1212] /home/agnibha/Documents/Projects/RTL_GDS_SPI/LIBERTY/asap7_merged_combo.lib line 13178, timing group from output port.
[WARNING STA-1212] /home/agnibha/Documents/Projects/RTL_GDS_SPI/LIBERTY/asap7_merged_combo.lib line 13211, timing group from output port.
[WARNING STA-1212] /home/agnibha/Documents/Projects/RTL_GDS_SPI/LIBERTY/asap7_merged_combo.lib line 13244, timing group from output port.
[WARNING STA-1212] /home/agnibha/Documents/Projects/RTL_GDS_SPI/LIBERTY/asap7_merged_combo.lib line 13277, timing group from output port.
[WARNING STA-1212] /home/agnibha/Documents/Projects/RTL_GDS_SPI/LIBERTY/asap7_merged_combo.lib line 13310, timing group from output port.
[WARNING STA-1212] /home/agnibha/Documents/Projects/RTL_GDS_SPI/LIBERTY/asap7_merged_combo.lib line 13343, timing group from output port.
[WARNING STA-1212] /home/agnibha/Documents/Projects/RTL_GDS_SPI/LIBERTY/asap7_merged_combo.lib line 13376, timing group from output port.
[WARNING STA-1212] /home/agnibha/Documents/Projects/RTL_GDS_SPI/LIBERTY/asap7_merged_combo.lib line 14772, timing group from output port.
[WARNING STA-1212] /home/agnibha/Documents/Projects/RTL_GDS_SPI/LIBERTY/asap7_merged_combo.lib line 14805, timing group from output port.
[WARNING STA-1212] /home/agnibha/Documents/Projects/RTL_GDS_SPI/LIBERTY/asap7_merged_combo.lib line 14838, timing group from output port.
[WARNING STA-0450] virtual clock vclk_APB_CLK can not be propagated.
[WARNING DRT-0518] -droute_end_iter cannot be greater than 64. Setting -droute_end_iter to 64.
[INFO DRT-0149] Reading tech and libs.

Units:                1000
Number of layers:     21
Number of macros:     212
Number of vias:       14
Number of viarulegen: 11

[INFO DRT-0150] Reading design.

Design:                   spi_top
Die area:                 ( 0 0 ) ( 19270 19270 )
Number of track patterns: 32
Number of DEF vias:       0
Number of components:     1765
Number of terminals:      118
Number of snets:          2
Number of nets:           1763

[INFO DRT-0167] List of default vias:
  Layer V1
    default via: VIA12
  Layer V2
    default via: VIA23
  Layer V3
    default via: VIA34
  Layer V4
    default via: VIA45
  Layer V5
    default via: VIA56
  Layer V6
    default via: VIA67
  Layer V7
    default via: VIA78
  Layer V8
    default via: VIA89
  Layer V9
    default via: VIA9Pad
[INFO DRT-0162] Library cell analysis.
[INFO DRT-0163] Instance analysis.
[INFO DRT-0164] Number of unique instances = 206.
[INFO DRT-0168] Init region query.
[INFO DRT-0024]   Complete Active.
[INFO DRT-0024]   Complete V0.
[INFO DRT-0024]   Complete M1.
[INFO DRT-0024]   Complete V1.
[INFO DRT-0024]   Complete M2.
[INFO DRT-0024]   Complete V2.
[INFO DRT-0024]   Complete M3.
[INFO DRT-0024]   Complete V3.
[INFO DRT-0024]   Complete M4.
[INFO DRT-0024]   Complete V4.
[INFO DRT-0024]   Complete M5.
[INFO DRT-0024]   Complete V5.
[INFO DRT-0024]   Complete M6.
[INFO DRT-0024]   Complete V6.
[INFO DRT-0024]   Complete M7.
[INFO DRT-0024]   Complete V7.
[INFO DRT-0024]   Complete M8.
[INFO DRT-0024]   Complete V8.
[INFO DRT-0024]   Complete M9.
[INFO DRT-0024]   Complete V9.
[INFO DRT-0024]   Complete Pad.
[INFO DRT-0033] Active shape region query size = 0.
[INFO DRT-0033] V0 shape region query size = 0.
[INFO DRT-0033] M1 shape region query size = 28751.
[INFO DRT-0033] V1 shape region query size = 35405.
[INFO DRT-0033] M2 shape region query size = 2426.
[INFO DRT-0033] V2 shape region query size = 2304.
[INFO DRT-0033] M3 shape region query size = 1188.
[INFO DRT-0033] V3 shape region query size = 1536.
[INFO DRT-0033] M4 shape region query size = 804.
[INFO DRT-0033] V4 shape region query size = 512.
[INFO DRT-0033] M5 shape region query size = 448.
[INFO DRT-0033] V5 shape region query size = 0.
[INFO DRT-0033] M6 shape region query size = 0.
[INFO DRT-0033] V6 shape region query size = 0.
[INFO DRT-0033] M7 shape region query size = 0.
[INFO DRT-0033] V7 shape region query size = 0.
[INFO DRT-0033] M8 shape region query size = 0.
[INFO DRT-0033] V8 shape region query size = 0.
[INFO DRT-0033] M9 shape region query size = 0.
[INFO DRT-0033] V9 shape region query size = 0.
[INFO DRT-0033] Pad shape region query size = 0.
[INFO DRT-0165] Start pin access.
[INFO DRT-0076]   Complete 1000 pins.
[INFO DRT-0078]   Complete 1213 pins.
[INFO DRT-0079]   Complete 100 unique inst patterns.
[INFO DRT-0079]   Complete 200 unique inst patterns.
[INFO DRT-0081]   Complete 205 unique inst patterns.
[INFO DRT-0084]   Complete 1613 groups.
#scanned instances     = 1765
#unique  instances     = 205
#stdCellGenAp          = 5509
#stdCellValidPlanarAp  = 24
#stdCellValidViaAp     = 4342
#stdCellPinNoAp        = 0
#stdCellPinCnt         = 5701
#instTermValidViaApCnt = 0
#macroGenAp            = 0
#macroValidPlanarAp    = 0
#macroValidViaAp       = 0
#macroNoAp             = 0
[INFO DRT-0166] Complete pin access.
[INFO DRT-0267] cpu time = 00:00:10, elapsed time = 00:00:10, memory = 312.24 (MB), peak = 311.26 (MB)

[INFO DRT-0157] Number of guides:     15128

[INFO DRT-0169] Post process guides.
[INFO DRT-0176] GCELLGRID X 0 DO 33 STEP 570 ;
[INFO DRT-0177] GCELLGRID Y 0 DO 33 STEP 570 ;
[INFO DRT-0028]   Complete Active.
[INFO DRT-0028]   Complete V0.
[INFO DRT-0028]   Complete M1.
[INFO DRT-0028]   Complete V1.
[INFO DRT-0028]   Complete M2.
[INFO DRT-0028]   Complete V2.
[INFO DRT-0028]   Complete M3.
[INFO DRT-0028]   Complete V3.
[INFO DRT-0028]   Complete M4.
[INFO DRT-0028]   Complete V4.
[INFO DRT-0028]   Complete M5.
[INFO DRT-0028]   Complete V5.
[INFO DRT-0028]   Complete M6.
[INFO DRT-0028]   Complete V6.
[INFO DRT-0028]   Complete M7.
[INFO DRT-0028]   Complete V7.
[INFO DRT-0028]   Complete M8.
[INFO DRT-0028]   Complete V8.
[INFO DRT-0028]   Complete M9.
[INFO DRT-0028]   Complete V9.
[INFO DRT-0028]   Complete Pad.
[INFO DRT-0178] Init guide query.
[INFO DRT-0035]   Complete Active (guide).
[INFO DRT-0035]   Complete V0 (guide).
[INFO DRT-0035]   Complete M1 (guide).
[INFO DRT-0035]   Complete V1 (guide).
[INFO DRT-0035]   Complete M2 (guide).
[INFO DRT-0035]   Complete V2 (guide).
[INFO DRT-0035]   Complete M3 (guide).
[INFO DRT-0035]   Complete V3 (guide).
[INFO DRT-0035]   Complete M4 (guide).
[INFO DRT-0035]   Complete V4 (guide).
[INFO DRT-0035]   Complete M5 (guide).
[INFO DRT-0035]   Complete V5 (guide).
[INFO DRT-0035]   Complete M6 (guide).
[INFO DRT-0035]   Complete V6 (guide).
[INFO DRT-0035]   Complete M7 (guide).
[INFO DRT-0035]   Complete V7 (guide).
[INFO DRT-0035]   Complete M8 (guide).
[INFO DRT-0035]   Complete V8 (guide).
[INFO DRT-0035]   Complete M9 (guide).
[INFO DRT-0035]   Complete V9 (guide).
[INFO DRT-0035]   Complete Pad (guide).
[INFO DRT-0036] Active guide region query size = 0.
[INFO DRT-0036] V0 guide region query size = 0.
[INFO DRT-0036] M1 guide region query size = 4850.
[INFO DRT-0036] V1 guide region query size = 0.
[INFO DRT-0036] M2 guide region query size = 4722.
[INFO DRT-0036] V2 guide region query size = 0.
[INFO DRT-0036] M3 guide region query size = 2391.
[INFO DRT-0036] V3 guide region query size = 0.
[INFO DRT-0036] M4 guide region query size = 171.
[INFO DRT-0036] V4 guide region query size = 0.
[INFO DRT-0036] M5 guide region query size = 46.
[INFO DRT-0036] V5 guide region query size = 0.
[INFO DRT-0036] M6 guide region query size = 0.
[INFO DRT-0036] V6 guide region query size = 0.
[INFO DRT-0036] M7 guide region query size = 0.
[INFO DRT-0036] V7 guide region query size = 0.
[INFO DRT-0036] M8 guide region query size = 0.
[INFO DRT-0036] V8 guide region query size = 0.
[INFO DRT-0036] M9 guide region query size = 0.
[INFO DRT-0036] V9 guide region query size = 0.
[INFO DRT-0036] Pad guide region query size = 0.
[INFO DRT-0179] Init gr pin query.
[INFO DRT-0267] cpu time = 00:00:00, elapsed time = 00:00:00, memory = 317.12 (MB), peak = 316.26 (MB)
[INFO DRT-0245] skipped writing guide updates to database.
[INFO DRT-0181] Start track assignment.
[INFO DRT-0184] Done with 7287 vertical wires in 1 frboxes and 4893 horizontal wires in 1 frboxes.
[INFO DRT-0186] Done with 1031 vertical wires in 1 frboxes and 1718 horizontal wires in 1 frboxes.
[INFO DRT-0182] Complete track assignment.
[INFO DRT-0267] cpu time = 00:00:00, elapsed time = 00:00:00, memory = 336.34 (MB), peak = 335.51 (MB)
[INFO DRT-0187] Start routing data preparation.
[INFO DRT-0267] cpu time = 00:00:00, elapsed time = 00:00:00, memory = 336.41 (MB), peak = 335.51 (MB)
[INFO DRT-0194] Start detail routing.
[INFO DRT-0195] Start 0th optimization iteration.
    Completing 10% with 0 violations.
    elapsed time = 00:00:02, memory = 358.19 (MB).
    Completing 20% with 0 violations.
    elapsed time = 00:00:10, memory = 405.20 (MB).
    Completing 30% with 0 violations.
    elapsed time = 00:00:14, memory = 442.30 (MB).
    Completing 40% with 174 violations.
    elapsed time = 00:00:15, memory = 448.38 (MB).
    Completing 50% with 174 violations.
    elapsed time = 00:00:29, memory = 448.34 (MB).
    Completing 60% with 174 violations.
    elapsed time = 00:00:32, memory = 452.55 (MB).
    Completing 70% with 382 violations.
    elapsed time = 00:00:41, memory = 452.55 (MB).
    Completing 80% with 382 violations.
    elapsed time = 00:00:48, memory = 455.74 (MB).
    Completing 90% with 493 violations.
    elapsed time = 00:01:03, memory = 471.08 (MB).
    Completing 100% with 646 violations.
    elapsed time = 00:01:17, memory = 476.29 (MB).
[INFO DRT-0199]   Number of violations = 830.
Viol/Layer          M1     V1     M2     V2     M3     V3     M4     V4     M5
Cut Spacing          0      2      0      0      0      0      0      0      0
CutSpcTbl            0      0      0      0      0      4      0      1      0
EOL                  0      0     51      0      5      0      2      0      0
Metal Spacing       22      0     15      0     86      0      2      0      1
Recheck             12      0     86      0     66      0     19      0      1
Short               41      1     65      1     24      3      2      0      0
eolKeepOut           0      0    282      0     18      0     18      0      0
[INFO DRT-0267] cpu time = 00:01:17, elapsed time = 00:01:17, memory = 886.74 (MB), peak = 885.85 (MB)
Total wire length = 6303 um.
Total wire length on LAYER M1 = 107 um.
Total wire length on LAYER M2 = 1936 um.
Total wire length on LAYER M3 = 2630 um.
Total wire length on LAYER M4 = 1438 um.
Total wire length on LAYER M5 = 183 um.
Total wire length on LAYER M6 = 5 um.
Total wire length on LAYER M7 = 1 um.
Total wire length on LAYER M8 = 0 um.
Total wire length on LAYER M9 = 0 um.
Total wire length on LAYER Pad = 0 um.
Total number of vias = 18314.
Up-via summary (total 18314):

----------------
 Active        0
     M1     6440
     M2     9206
     M3     2436
     M4      216
     M5       12
     M6        4
     M7        0
     M8        0
     M9        0
----------------
       18314


[INFO DRT-0195] Start 1st optimization iteration.
    Completing 10% with 830 violations.
    elapsed time = 00:00:01, memory = 886.74 (MB).
    Completing 20% with 830 violations.
    elapsed time = 00:00:07, memory = 886.74 (MB).
    Completing 30% with 830 violations.
    elapsed time = 00:00:12, memory = 886.74 (MB).
    Completing 40% with 582 violations.
    elapsed time = 00:00:14, memory = 886.74 (MB).
    Completing 50% with 582 violations.
    elapsed time = 00:00:22, memory = 886.74 (MB).
    Completing 60% with 582 violations.
    elapsed time = 00:00:27, memory = 886.74 (MB).
    Completing 70% with 454 violations.
    elapsed time = 00:00:33, memory = 886.74 (MB).
    Completing 80% with 454 violations.
    elapsed time = 00:00:41, memory = 886.74 (MB).
    Completing 90% with 264 violations.
    elapsed time = 00:00:48, memory = 886.74 (MB).
    Completing 100% with 143 violations.
    elapsed time = 00:00:56, memory = 886.74 (MB).
[INFO DRT-0199]   Number of violations = 143.
Viol/Layer          M1     V1     M2     M3     V3     M4
CutSpcTbl            0      0      0      0      3      0
EOL                  0      0     12      0      0      0
Metal Spacing       21      0      2     36      0      1
Short               14      1      6      6      0      0
eolKeepOut           0      0     39      1      0      1
[INFO DRT-0267] cpu time = 00:00:57, elapsed time = 00:00:57, memory = 886.74 (MB), peak = 885.85 (MB)
Total wire length = 6220 um.
Total wire length on LAYER M1 = 85 um.
Total wire length on LAYER M2 = 1897 um.
Total wire length on LAYER M3 = 2595 um.
Total wire length on LAYER M4 = 1455 um.
Total wire length on LAYER M5 = 179 um.
Total wire length on LAYER M6 = 5 um.
Total wire length on LAYER M7 = 0 um.
Total wire length on LAYER M8 = 0 um.
Total wire length on LAYER M9 = 0 um.
Total wire length on LAYER Pad = 0 um.
Total number of vias = 17234.
Up-via summary (total 17234):

----------------
 Active        0
     M1     6167
     M2     8670
     M3     2182
     M4      199
     M5       14
     M6        2
     M7        0
     M8        0
     M9        0
----------------
       17234


[INFO DRT-0195] Start 2nd optimization iteration.
    Completing 10% with 143 violations.
    elapsed time = 00:00:00, memory = 886.74 (MB).
    Completing 20% with 143 violations.
    elapsed time = 00:00:12, memory = 886.74 (MB).
    Completing 30% with 149 violations.
    elapsed time = 00:00:14, memory = 886.74 (MB).
    Completing 40% with 149 violations.
    elapsed time = 00:00:21, memory = 886.74 (MB).
    Completing 50% with 149 violations.
    elapsed time = 00:00:28, memory = 886.74 (MB).
    Completing 60% with 168 violations.
    elapsed time = 00:00:32, memory = 886.74 (MB).
    Completing 70% with 168 violations.
    elapsed time = 00:00:39, memory = 886.74 (MB).
    Completing 80% with 158 violations.
    elapsed time = 00:00:44, memory = 886.74 (MB).
    Completing 90% with 158 violations.
    elapsed time = 00:00:50, memory = 886.74 (MB).
    Completing 100% with 135 violations.
    elapsed time = 00:00:51, memory = 886.74 (MB).
[INFO DRT-0199]   Number of violations = 135.
Viol/Layer          M1     M2     M3
EOL                  0     12      0
Metal Spacing       15      1     34
Short                9      6     10
eolKeepOut           0     48      0
[INFO DRT-0267] cpu time = 00:00:51, elapsed time = 00:00:51, memory = 886.79 (MB), peak = 885.85 (MB)
Total wire length = 6194 um.
Total wire length on LAYER M1 = 86 um.
Total wire length on LAYER M2 = 1867 um.
Total wire length on LAYER M3 = 2576 um.
Total wire length on LAYER M4 = 1470 um.
Total wire length on LAYER M5 = 182 um.
Total wire length on LAYER M6 = 9 um.
Total wire length on LAYER M7 = 1 um.
Total wire length on LAYER M8 = 0 um.
Total wire length on LAYER M9 = 0 um.
Total wire length on LAYER Pad = 0 um.
Total number of vias = 17073.
Up-via summary (total 17073):

----------------
 Active        0
     M1     6176
     M2     8516
     M3     2181
     M4      187
     M5       11
     M6        2
     M7        0
     M8        0
     M9        0
----------------
       17073


[INFO DRT-0195] Start 3rd optimization iteration.
    Completing 10% with 135 violations.
    elapsed time = 00:00:00, memory = 886.79 (MB).
    Completing 20% with 135 violations.
    elapsed time = 00:00:02, memory = 886.79 (MB).
    Completing 30% with 135 violations.
    elapsed time = 00:00:04, memory = 886.79 (MB).
    Completing 40% with 115 violations.
    elapsed time = 00:00:04, memory = 886.79 (MB).
    Completing 50% with 115 violations.
    elapsed time = 00:00:08, memory = 886.79 (MB).
    Completing 60% with 115 violations.
    elapsed time = 00:00:10, memory = 886.79 (MB).
    Completing 70% with 75 violations.
    elapsed time = 00:00:14, memory = 886.79 (MB).
    Completing 80% with 75 violations.
    elapsed time = 00:00:17, memory = 886.79 (MB).
    Completing 90% with 36 violations.
    elapsed time = 00:00:23, memory = 886.79 (MB).
    Completing 100% with 8 violations.
    elapsed time = 00:00:26, memory = 886.79 (MB).
[INFO DRT-0199]   Number of violations = 8.
Viol/Layer          M2     M3
EOL                  1      0
Metal Spacing        1      2
Short                1      0
eolKeepOut           3      0
[INFO DRT-0267] cpu time = 00:00:26, elapsed time = 00:00:26, memory = 886.79 (MB), peak = 885.85 (MB)
Total wire length = 6200 um.
Total wire length on LAYER M1 = 82 um.
Total wire length on LAYER M2 = 1796 um.
Total wire length on LAYER M3 = 2551 um.
Total wire length on LAYER M4 = 1546 um.
Total wire length on LAYER M5 = 208 um.
Total wire length on LAYER M6 = 12 um.
Total wire length on LAYER M7 = 1 um.
Total wire length on LAYER M8 = 0 um.
Total wire length on LAYER M9 = 0 um.
Total wire length on LAYER Pad = 0 um.
Total number of vias = 17151.
Up-via summary (total 17151):

----------------
 Active        0
     M1     6137
     M2     8398
     M3     2368
     M4      231
     M5       15
     M6        2
     M7        0
     M8        0
     M9        0
----------------
       17151


[INFO DRT-0195] Start 4th guides tiles iteration.
    Completing 10% with 8 violations.
    elapsed time = 00:00:00, memory = 886.79 (MB).
    Completing 20% with 8 violations.
    elapsed time = 00:00:00, memory = 886.79 (MB).
    Completing 40% with 7 violations.
    elapsed time = 00:00:00, memory = 886.79 (MB).
    Completing 50% with 7 violations.
    elapsed time = 00:00:01, memory = 886.79 (MB).
    Completing 70% with 6 violations.
    elapsed time = 00:00:01, memory = 886.79 (MB).
    Completing 80% with 6 violations.
    elapsed time = 00:00:01, memory = 886.79 (MB).
    Completing 100% with 1 violations.
    elapsed time = 00:00:02, memory = 886.79 (MB).
[INFO DRT-0199]   Number of violations = 1.
Viol/Layer          M2
Short                1
[INFO DRT-0267] cpu time = 00:00:02, elapsed time = 00:00:02, memory = 886.79 (MB), peak = 885.85 (MB)
Total wire length = 6200 um.
Total wire length on LAYER M1 = 82 um.
Total wire length on LAYER M2 = 1795 um.
Total wire length on LAYER M3 = 2549 um.
Total wire length on LAYER M4 = 1545 um.
Total wire length on LAYER M5 = 210 um.
Total wire length on LAYER M6 = 14 um.
Total wire length on LAYER M7 = 1 um.
Total wire length on LAYER M8 = 0 um.
Total wire length on LAYER M9 = 0 um.
Total wire length on LAYER Pad = 0 um.
Total number of vias = 17170.
Up-via summary (total 17170):

----------------
 Active        0
     M1     6139
     M2     8398
     M3     2374
     M4      240
     M5       17
     M6        2
     M7        0
     M8        0
     M9        0
----------------
       17170


[INFO DRT-0195] Start 5th guides tiles iteration.
    Completing 100% with 1 violations.
    elapsed time = 00:00:00, memory = 886.79 (MB).
[INFO DRT-0199]   Number of violations = 1.
Viol/Layer          M2
Short                1
[INFO DRT-0267] cpu time = 00:00:00, elapsed time = 00:00:00, memory = 886.79 (MB), peak = 885.85 (MB)
Total wire length = 6200 um.
Total wire length on LAYER M1 = 82 um.
Total wire length on LAYER M2 = 1795 um.
Total wire length on LAYER M3 = 2549 um.
Total wire length on LAYER M4 = 1545 um.
Total wire length on LAYER M5 = 210 um.
Total wire length on LAYER M6 = 14 um.
Total wire length on LAYER M7 = 1 um.
Total wire length on LAYER M8 = 0 um.
Total wire length on LAYER M9 = 0 um.
Total wire length on LAYER Pad = 0 um.
Total number of vias = 17170.
Up-via summary (total 17170):

----------------
 Active        0
     M1     6139
     M2     8398
     M3     2374
     M4      240
     M5       17
     M6        2
     M7        0
     M8        0
     M9        0
----------------
       17170


[INFO DRT-0195] Start 6th stubborn tiles iteration.
    Completing 10% with 1 violations.
    elapsed time = 00:00:09, memory = 886.85 (MB).
    Completing 20% with 1 violations.
    elapsed time = 00:00:15, memory = 886.85 (MB).
    Completing 30% with 1 violations.
    elapsed time = 00:00:20, memory = 886.85 (MB).
    Completing 40% with 1 violations.
    elapsed time = 00:00:24, memory = 934.88 (MB).
    Completing 50% with 1 violations.
    elapsed time = 00:00:36, memory = 1025.13 (MB).
    Completing 60% with 1 violations.
    elapsed time = 00:00:51, memory = 1166.56 (MB).
    Completing 70% with 1 violations.
    elapsed time = 00:01:06, memory = 1344.11 (MB).
    Completing 80% with 1 violations.
    elapsed time = 00:01:26, memory = 1487.44 (MB).
    Completing 90% with 1 violations.
    elapsed time = 00:01:31, memory = 1657.48 (MB).
    Completing 100% with 0 violations.
    elapsed time = 00:01:36, memory = 1800.78 (MB).
[INFO DRT-0199]   Number of violations = 0.
[INFO DRT-0267] cpu time = 00:01:36, elapsed time = 00:01:36, memory = 1801.16 (MB), peak = 1896.28 (MB)
Total wire length = 6200 um.
Total wire length on LAYER M1 = 82 um.
Total wire length on LAYER M2 = 1795 um.
Total wire length on LAYER M3 = 2547 um.
Total wire length on LAYER M4 = 1545 um.
Total wire length on LAYER M5 = 212 um.
Total wire length on LAYER M6 = 14 um.
Total wire length on LAYER M7 = 1 um.
Total wire length on LAYER M8 = 0 um.
Total wire length on LAYER M9 = 0 um.
Total wire length on LAYER Pad = 0 um.
Total number of vias = 17175.
Up-via summary (total 17175):

----------------
 Active        0
     M1     6139
     M2     8397
     M3     2376
     M4      244
     M5       17
     M6        2
     M7        0
     M8        0
     M9        0
----------------
       17175


[INFO DRT-0198] Complete detail routing.
Total wire length = 6200 um.
Total wire length on LAYER M1 = 82 um.
Total wire length on LAYER M2 = 1795 um.
Total wire length on LAYER M3 = 2547 um.
Total wire length on LAYER M4 = 1545 um.
Total wire length on LAYER M5 = 212 um.
Total wire length on LAYER M6 = 14 um.
Total wire length on LAYER M7 = 1 um.
Total wire length on LAYER M8 = 0 um.
Total wire length on LAYER M9 = 0 um.
Total wire length on LAYER Pad = 0 um.
Total number of vias = 17175.
Up-via summary (total 17175):

----------------
 Active        0
     M1     6139
     M2     8397
     M3     2376
     M4      244
     M5       17
     M6        2
     M7        0
     M8        0
     M9        0
----------------
       17175


[INFO DRT-0267] cpu time = 00:05:12, elapsed time = 00:05:12, memory = 1801.29 (MB), peak = 1896.28 (MB)

[INFO DRT-0180] Post processing.
[INFO DRT-0501] Runtime: 324.16s
DETAILED ROUTING REPORTS
Design area 201 um^2 69% utilization.
[INFO ANT-0002] Found 0 net violations.
[INFO ANT-0001] Found 0 pin violations.
[INFO GRT-0279] Detailed route wire length by layer:
Layer    Wire length  Percentage
--------------------------------
M1         82.96um     1%
M2       1794.57um    28%
M3       2547.43um    41%
M4       1545.41um    24%
M5        212.80um     3%
M6         14.42um     0%
M7          1.79um     0%
--------------------------------
Startpoint: PRESETn (input port clocked by vclk_APB_CLK)
Endpoint: $auto$simplemap.cc:496:simplemap_adff$11511
          (recovery check against rising-edge clock APB_CLK)
Path Group: asynchronous
Path Type: max

  Delay    Time   Description
---------------------------------------------------------
   0.00    0.00   clock vclk_APB_CLK (rise edge)
 200.00  200.00   clock network delay (ideal)
  80.00  280.00 ^ input external delay
   0.00  280.00 ^ PRESETn (in)
  31.35  311.35 ^ $abc$23791$auto$blifparse.cc:371:parse_blif$25070/Y (HB1xp67_ASAP7_75t_R)
  43.91  355.25 ^ $abc$23791$auto$blifparse.cc:371:parse_blif$25082/Y (HB1xp67_ASAP7_75t_R)
  31.19  386.44 ^ $abc$23791$auto$blifparse.cc:371:parse_blif$25087/Y (HB1xp67_ASAP7_75t_R)
   0.00  386.44 ^ $auto$simplemap.cc:496:simplemap_adff$11511/SETN (DFFASRHQNx1_ASAP7_75t_R)
         386.44   data arrival time

 400.00  400.00   clock APB_CLK (rise edge)
  80.41  480.41   clock network delay (propagated)
   0.00  480.41   clock reconvergence pessimism
         480.41 ^ $auto$simplemap.cc:496:simplemap_adff$11511/CLK (DFFASRHQNx1_ASAP7_75t_R)
   8.59  489.00   library recovery time
         489.00   data required time
---------------------------------------------------------
         489.00   data required time
        -386.44   data arrival time
---------------------------------------------------------
         102.56   slack (MET)


Startpoint: miso_pad_i (input port clocked by vclk_APB_CLK)
Endpoint: $auto$simplemap.cc:496:simplemap_adff$11490
          (rising edge-triggered flip-flop clocked by APB_CLK)
Path Group: APB_CLK
Path Type: max

  Delay    Time   Description
---------------------------------------------------------
   0.00    0.00   clock vclk_APB_CLK (rise edge)
 200.00  200.00   clock network delay (ideal)
  80.00  280.00 ^ input external delay
   0.00  280.00 ^ miso_pad_i (in)
  19.81  299.81 ^ $abc$23791$auto$blifparse.cc:371:parse_blif$23833/Y (BUFx2_ASAP7_75t_R)
  28.91  328.72 ^ $abc$23791$auto$blifparse.cc:371:parse_blif$23842/Y (BUFx2_ASAP7_75t_R)
  47.38  376.10 ^ $abc$23791$auto$blifparse.cc:371:parse_blif$24736/Y (HB1xp67_ASAP7_75t_R)
  23.96  400.06 v $abc$23791$auto$blifparse.cc:371:parse_blif$24777/Y (NOR5xp2_ASAP7_75t_R)
  23.50  423.56 ^ $abc$23791$auto$blifparse.cc:371:parse_blif$24778/Y (O2A1O1Ixp33_ASAP7_75t_R)
   0.00  423.56 ^ $auto$simplemap.cc:496:simplemap_adff$11490/D (DFFASRHQNx1_ASAP7_75t_R)
         423.56   data arrival time

 400.00  400.00   clock APB_CLK (rise edge)
  81.04  481.04   clock network delay (propagated)
   0.00  481.04   clock reconvergence pessimism
         481.04 ^ $auto$simplemap.cc:496:simplemap_adff$11490/CLK (DFFASRHQNx1_ASAP7_75t_R)
 -21.14  459.90   library setup time
         459.90   data required time
---------------------------------------------------------
         459.90   data required time
        -423.56   data arrival time
---------------------------------------------------------
          36.34   slack (MET)


Startpoint: PADDR[4] (input port clocked by vclk_APB_CLK)
Endpoint: PRDATA[16] (output port clocked by vclk_APB_CLK)
Path Group: vclk_APB_CLK
Path Type: max

  Delay    Time   Description
---------------------------------------------------------
   0.00    0.00   clock vclk_APB_CLK (rise edge)
 200.00  200.00   clock network delay (ideal)
  80.00  280.00 ^ input external delay
   0.00  280.00 ^ PADDR[4] (in)
  15.19  295.19 v $abc$23791$auto$blifparse.cc:371:parse_blif$23874/Y (INVxp67_ASAP7_75t_R)
  45.08  340.26 v place61/Y (BUFx2_ASAP7_75t_R)
  23.39  363.65 ^ $abc$23791$auto$blifparse.cc:371:parse_blif$24386/Y (NAND3x1_ASAP7_75t_R)
  37.37  401.02 ^ place46/Y (BUFx2_ASAP7_75t_R)
  21.91  422.93 v $abc$23791$auto$blifparse.cc:371:parse_blif$24532/Y (OAI22xp33_ASAP7_75t_R)
  26.10  449.03 v $abc$23791$auto$blifparse.cc:371:parse_blif$24535/Y (OA21x2_ASAP7_75t_R)
   0.00  449.03 v PRDATA[16] (out)
         449.03   data arrival time

 400.00  400.00   clock vclk_APB_CLK (rise edge)
 200.00  600.00   clock network delay (ideal)
   0.00  600.00   clock reconvergence pessimism
 -80.00  520.00   output external delay
         520.00   data required time
---------------------------------------------------------
         520.00   data required time
        -449.03   data arrival time
---------------------------------------------------------
          70.97   slack (MET)


wns max 0.00
tns max 0.00
