Warning: Ignoring XDG_SESSION_TYPE=wayland on Gnome. Use QT_QPA_PLATFORM=wayland to run on Wayland anyway.
OpenROAD 26Q2-2517-g7304ba78ad 
Features included (+) or not (-): +GPU +GUI +Python
This program is licensed under the BSD-3 license. See the LICENSE file for details.
Components of this program may be licensed under more restrictive licenses which must be honored.
[INFO ODB-0227] LEF file: /home/agnibha/OpenROAD-flow-scripts/flow/platforms/asap7/lef/asap7_tech_1x_201209.lef, created 30 layers, 9 vias
[INFO ODB-0227] LEF file: /home/agnibha/OpenROAD-flow-scripts/flow/platforms/asap7/lef/asap7sc7p5t_28_R_1x_220121a.lef, created 212 library cells
[WARNING STA-1212] /home/agnibha/Documents/Projects/RTL_GDS_SPI/LIBERTY/asap7_merged_combo.lib line 13178, timing group from output port.
[WARNING STA-1212] /home/agnibha/Documents/Projects/RTL_GDS_SPI/LIBERTY/asap7_merged_combo.lib line 13211, timing group from output port.
[WARNING STA-1212] /home/agnibha/Documents/Projects/RTL_GDS_SPI/LIBERTY/asap7_merged_combo.lib line 13244, timing group from output port.
[WARNING STA-1212] /home/agnibha/Documents/Projects/RTL_GDS_SPI/LIBERTY/asap7_merged_combo.lib line 13277, timing group from output port.
[WARNING STA-1212] /home/agnibha/Documents/Projects/RTL_GDS_SPI/LIBERTY/asap7_merged_combo.lib line 13310, timing group from output port.
[WARNING STA-1212] /home/agnibha/Documents/Projects/RTL_GDS_SPI/LIBERTY/asap7_merged_combo.lib line 13343, timing group from output port.
[WARNING STA-1212] /home/agnibha/Documents/Projects/RTL_GDS_SPI/LIBERTY/asap7_merged_combo.lib line 13376, timing group from output port.
[WARNING STA-1212] /home/agnibha/Documents/Projects/RTL_GDS_SPI/LIBERTY/asap7_merged_combo.lib line 14772, timing group from output port.
[WARNING STA-1212] /home/agnibha/Documents/Projects/RTL_GDS_SPI/LIBERTY/asap7_merged_combo.lib line 14805, timing group from output port.
[WARNING STA-1212] /home/agnibha/Documents/Projects/RTL_GDS_SPI/LIBERTY/asap7_merged_combo.lib line 14838, timing group from output port.
[WARNING ORD-2011] LEF master DFFASRHQNx1_ASAP7_75t_R has no liberty cell.
[INFO IFP-0107] Defining die area using utilization: 70.00% and aspect ratio: 1.
[WARNING IFP-0028] Core area lower left (1.000, 1.000) snapped to (1.026, 1.080).
[INFO IFP-0001] Added 63 rows of 319 site asap7sc7p5t.
[INFO IFP-0100] Die BBox:  (  0.000  0.000 ) ( 19.270 19.270 ) um
[INFO IFP-0101] Core BBox: (  1.026  1.080 ) ( 18.252 18.090 ) um
[INFO IFP-0102] Core area:                          293.014 um^2
[INFO IFP-0103] Total instances area:               208.786 um^2
[INFO IFP-0104] Effective utilization:                0.713
[INFO IFP-0105] Number of instances:                   1853
[INFO TAP-0005] Inserted 32 tapcells.
[INFO PDN-0001] Inserting grid: grid
[INFO PDN-0500] Runtime: 0.01s
Design area 210 um^2 72% utilization.
