Warning: Ignoring XDG_SESSION_TYPE=wayland on Gnome. Use QT_QPA_PLATFORM=wayland to run on Wayland anyway.
OpenROAD 26Q2-2517-g7304ba78ad 
Features included (+) or not (-): +GPU +GUI +Python
This program is licensed under the BSD-3 license. See the LICENSE file for details.
Components of this program may be licensed under more restrictive licenses which must be honored.
[WARNING STA-1212] /home/agnibha/Documents/Projects/RTL_GDS_SPI/LIBERTY/asap7_merged_combo.lib line 13178, timing group from output port.
[WARNING STA-1212] /home/agnibha/Documents/Projects/RTL_GDS_SPI/LIBERTY/asap7_merged_combo.lib line 13211, timing group from output port.
[WARNING STA-1212] /home/agnibha/Documents/Projects/RTL_GDS_SPI/LIBERTY/asap7_merged_combo.lib line 13244, timing group from output port.
[WARNING STA-1212] /home/agnibha/Documents/Projects/RTL_GDS_SPI/LIBERTY/asap7_merged_combo.lib line 13277, timing group from output port.
[WARNING STA-1212] /home/agnibha/Documents/Projects/RTL_GDS_SPI/LIBERTY/asap7_merged_combo.lib line 13310, timing group from output port.
[WARNING STA-1212] /home/agnibha/Documents/Projects/RTL_GDS_SPI/LIBERTY/asap7_merged_combo.lib line 13343, timing group from output port.
[WARNING STA-1212] /home/agnibha/Documents/Projects/RTL_GDS_SPI/LIBERTY/asap7_merged_combo.lib line 13376, timing group from output port.
[WARNING STA-1212] /home/agnibha/Documents/Projects/RTL_GDS_SPI/LIBERTY/asap7_merged_combo.lib line 14772, timing group from output port.
[WARNING STA-1212] /home/agnibha/Documents/Projects/RTL_GDS_SPI/LIBERTY/asap7_merged_combo.lib line 14805, timing group from output port.
[WARNING STA-1212] /home/agnibha/Documents/Projects/RTL_GDS_SPI/LIBERTY/asap7_merged_combo.lib line 14838, timing group from output port.
[INFO DRT-0149] Reading tech and libs.

Units:                1000
Number of layers:     21
Number of macros:     212
Number of vias:       14
Number of viarulegen: 11

[INFO DRT-0150] Reading design.

Design:                   spi_top
Die area:                 ( 0 0 ) ( 19270 19270 )
Number of track patterns: 32
Number of DEF vias:       0
Number of components:     1764
Number of terminals:      118
Number of snets:          2
Number of nets:           1762

[INFO DRT-0167] List of default vias:
  Layer V1
    default via: VIA12
  Layer V2
    default via: VIA23
  Layer V3
    default via: VIA34
  Layer V4
    default via: VIA45
  Layer V5
    default via: VIA56
  Layer V6
    default via: VIA67
  Layer V7
    default via: VIA78
  Layer V8
    default via: VIA89
  Layer V9
    default via: VIA9Pad
[INFO DRT-0162] Library cell analysis.
[INFO DRT-0163] Instance analysis.
[INFO DRT-0164] Number of unique instances = 204.
[INFO DRT-0168] Init region query.
[INFO DRT-0024]   Complete Active.
[INFO DRT-0024]   Complete V0.
[INFO DRT-0024]   Complete M1.
[INFO DRT-0024]   Complete V1.
[INFO DRT-0024]   Complete M2.
[INFO DRT-0024]   Complete V2.
[INFO DRT-0024]   Complete M3.
[INFO DRT-0024]   Complete V3.
[INFO DRT-0024]   Complete M4.
[INFO DRT-0024]   Complete V4.
[INFO DRT-0024]   Complete M5.
[INFO DRT-0024]   Complete V5.
[INFO DRT-0024]   Complete M6.
[INFO DRT-0024]   Complete V6.
[INFO DRT-0024]   Complete M7.
[INFO DRT-0024]   Complete V7.
[INFO DRT-0024]   Complete M8.
[INFO DRT-0024]   Complete V8.
[INFO DRT-0024]   Complete M9.
[INFO DRT-0024]   Complete V9.
[INFO DRT-0024]   Complete Pad.
[INFO DRT-0033] Active shape region query size = 0.
[INFO DRT-0033] V0 shape region query size = 0.
[INFO DRT-0033] M1 shape region query size = 29077.
[INFO DRT-0033] V1 shape region query size = 35405.
[INFO DRT-0033] M2 shape region query size = 2426.
[INFO DRT-0033] V2 shape region query size = 2304.
[INFO DRT-0033] M3 shape region query size = 1188.
[INFO DRT-0033] V3 shape region query size = 1536.
[INFO DRT-0033] M4 shape region query size = 804.
[INFO DRT-0033] V4 shape region query size = 512.
[INFO DRT-0033] M5 shape region query size = 448.
[INFO DRT-0033] V5 shape region query size = 0.
[INFO DRT-0033] M6 shape region query size = 0.
[INFO DRT-0033] V6 shape region query size = 0.
[INFO DRT-0033] M7 shape region query size = 0.
[INFO DRT-0033] V7 shape region query size = 0.
[INFO DRT-0033] M8 shape region query size = 0.
[INFO DRT-0033] V8 shape region query size = 0.
[INFO DRT-0033] M9 shape region query size = 0.
[INFO DRT-0033] V9 shape region query size = 0.
[INFO DRT-0033] Pad shape region query size = 0.
[INFO DRT-0165] Start pin access.
[INFO DRT-0076]   Complete 1000 pins.
[INFO DRT-0078]   Complete 1207 pins.
[INFO DRT-0079]   Complete 100 unique inst patterns.
[INFO DRT-0079]   Complete 200 unique inst patterns.
[INFO DRT-0081]   Complete 203 unique inst patterns.
[INFO DRT-0084]   Complete 1608 groups.
#scanned instances     = 1764
#unique  instances     = 203
#stdCellGenAp          = 5468
#stdCellValidPlanarAp  = 24
#stdCellValidViaAp     = 4305
#stdCellPinNoAp        = 0
#stdCellPinCnt         = 5699
#instTermValidViaApCnt = 0
#macroGenAp            = 0
#macroValidPlanarAp    = 0
#macroValidViaAp       = 0
#macroNoAp             = 0
[INFO DRT-0166] Complete pin access.
[INFO DRT-0267] cpu time = 00:00:10, elapsed time = 00:00:10, memory = 309.88 (MB), peak = 308.59 (MB)
[WARNING STA-0450] virtual clock vclk_APB_CLK can not be propagated.
Iteration |   Area    | Resized | Buffers | Nets repaired | Remaining
---------------------------------------------------------------------
        0 |     +0.0% |       0 |       0 |             0 |      1779
[WARNING RSZ-0104] Net PADDR[1] only has one pin. Check if it is intended to be dangling.
[WARNING RSZ-0104] Net PADDR[0] only has one pin. Check if it is intended to be dangling.
    final |     +0.1% |       0 |       1 |             1 |         0
---------------------------------------------------------------------
[INFO RSZ-0036] Found 1 capacitance violations.
[INFO RSZ-0038] Inserted 1 buffers in 1 nets.
[INFO RSZ-0504] Runtime: 0.22s
[INFO DPL-0006] Core area: 293.01 um^2, Instances area: 204.37 um^2, Utilization: 69.7%
[INFO DPL-0005] Diamond search max displacement: +/- 500 sites horizontally, +/- 100 rows vertically.
[INFO DPL-1101] Legalizing using diamond search.
Movements Summary
---------------------------------------
Total cells:                    1733
Diamond Move Success:           1733 (100.00%)
Diamond Move Failure:              0
Rip-up and replace Success:        0 (  0.00% of diamond failures)
Rip-up and replace Failure:        0
Total Placement Failures:          0
---------------------------------------
[INFO DPL-0500] Runtime: 0.01s
Placement Analysis
---------------------------------
total displacement          0.8 u
average displacement        0.0 u
max displacement            0.3 u
original HPWL            4876.4 u
legalized HPWL           4877.5 u
delta HPWL                    0 %

[INFO RSZ-0100] Repair move sequence: UnbufferMove SizeUpMove SwapPinsMove BufferMove CloneMove SplitLoadMove 
[INFO RSZ-0094] Found 6 endpoints with setup violations.
[INFO RSZ-0099] Repairing 6 out of 6 (100.00%) violating endpoints...
   Iter   | Removed | Resized | Inserted | Cloned |  Pin  |   Area   |    WNS   |   StTNS    |   EnTNS    |  Viol  |  Worst  
          | Buffers |  Gates  | Buffers  |  Gates | Swaps |          |          |            |            | Endpts | St/EnPt 
------------------------------------------------------------------------------------------------------------------------------
       0* |       0 |       0 |        0 |      0 |     0 |    +0.0% |   -4.032 |     -564.0 |      -14.2 |      6 | $auto$simplemap.cc:496:simplemap_adff$11484/D
       2* |       0 |       1 |        0 |      0 |     0 |    +0.0% |    8.162 |     -560.0 |        0.0 |      6 | $auto$simplemap.cc:496:simplemap_adff$11496/D
       3* |       0 |       1 |        0 |      0 |     0 |    +0.0% |    8.162 |     -560.0 |        0.0 |      6 | $auto$simplemap.cc:496:simplemap_adff$11496/D
       4* |       0 |       1 |        0 |      0 |     0 |    +0.0% |    8.162 |     -560.0 |        0.0 |      6 | $auto$simplemap.cc:496:simplemap_adff$11496/D
       5* |       0 |       1 |        0 |      0 |     0 |    +0.0% |    8.162 |     -560.0 |        0.0 |      6 | $auto$simplemap.cc:496:simplemap_adff$11496/D
       6* |       0 |       1 |        0 |      0 |     0 |    +0.0% |    8.162 |     -560.0 |        0.0 |      6 | $auto$simplemap.cc:496:simplemap_adff$11496/D
       7* |       0 |       1 |        0 |      0 |     0 |    +0.0% |    8.162 |     -560.0 |        0.0 |      6 | $auto$simplemap.cc:496:simplemap_adff$11496/D
       7* |       0 |       1 |        0 |      0 |     0 |    +0.0% |    8.162 |     -560.0 |        0.0 |      6 | $auto$simplemap.cc:496:simplemap_adff$11496/D
    final |       0 |       1 |        0 |      0 |     0 |    +0.0% |    8.162 |     -560.0 |        0.0 |      0 | $auto$simplemap.cc:496:simplemap_adff$11496/D
------------------------------------------------------------------------------------------------------------------------------
[INFO RSZ-0051] Resized 1 instances: 1 up, 0 up match, 0 down, 0 VT
[INFO RSZ-0505] Runtime: 0.16s
[INFO RSZ-0033] No hold violations found.
[INFO RSZ-0506] Runtime: 0.01s
[INFO DPL-0006] Core area: 293.01 um^2, Instances area: 204.38 um^2, Utilization: 69.8%
[INFO DPL-0005] Diamond search max displacement: +/- 500 sites horizontally, +/- 100 rows vertically.
[INFO DPL-1101] Legalizing using diamond search.
Movements Summary
---------------------------------------
Total cells:                    1733
Diamond Move Success:           1733 (100.00%)
Diamond Move Failure:              0
Rip-up and replace Success:        0 (  0.00% of diamond failures)
Rip-up and replace Failure:        0
Total Placement Failures:          0
---------------------------------------
[INFO DPL-0500] Runtime: 0.01s
Placement Analysis
---------------------------------
total displacement          0.0 u
average displacement        0.0 u
max displacement            0.0 u
original HPWL            4877.5 u
legalized HPWL           4877.5 u
delta HPWL                    0 %

Iteration |   Area    |  Resized |   WNS    | Endpt
---------------------------------------------------
        0 |     +0.0% |        0 |    8.162 | $auto$simplemap.cc:496:simplemap_adff$11496/D
      100 |     +0.0% |       11 |    8.162 | $auto$simplemap.cc:496:simplemap_adff$11496/D
      200 |     -0.3% |       39 |    8.162 | $auto$simplemap.cc:496:simplemap_adff$11496/D
      300 |     -0.7% |       75 |    8.393 | $auto$simplemap.cc:496:simplemap_adff$11496/D
      400 |     -1.0% |       96 |    8.393 | $auto$simplemap.cc:496:simplemap_adff$11496/D
      500 |     -1.5% |      133 |    8.550 | $auto$simplemap.cc:496:simplemap_adff$11496/D
    final |     -1.6% |      139 |    7.095 | $auto$simplemap.cc:496:simplemap_adff$11490/D
---------------------------------------------------
[INFO RSZ-0141] Resized 139 instances.
[INFO RSZ-0507] Runtime: 2.93s
[WARNING GRT-0246] No diode with LEF class CORE ANTENNACELL found.
ANTENNA REPORT
[INFO ANT-0002] Found 0 net violations.
[INFO ANT-0001] Found 0 pin violations.
ROUTING REPORTS
wns max 0.00
tns max 0.00
[INFO GRT-0278] Global route wire length by layer:
Layer    Wire length  Percentage
--------------------------------
M1         55.86um     0%
M2       2648.79um    45%
M3       2395.14um    41%
M4        575.13um     9%
M5        156.75um     2%
--------------------------------
Startpoint: PRESETn (input port clocked by vclk_APB_CLK)
Endpoint: $auto$simplemap.cc:496:simplemap_adff$11472
          (recovery check against rising-edge clock APB_CLK)
Path Group: asynchronous
Path Type: max

  Delay    Time   Description
---------------------------------------------------------
   0.00    0.00   clock vclk_APB_CLK (rise edge)
 200.00  200.00   clock network delay (ideal)
  80.00  280.00 ^ input external delay
   0.00  280.00 ^ PRESETn (in)
  68.67  348.67 ^ $abc$23791$auto$blifparse.cc:371:parse_blif$23792/Y (HB1xp67_ASAP7_75t_R)
  97.93  446.60 ^ $abc$23791$auto$blifparse.cc:371:parse_blif$25037/Y (HB1xp67_ASAP7_75t_R)
  49.73  496.34 ^ $abc$23791$auto$blifparse.cc:371:parse_blif$25043/Y (HB1xp67_ASAP7_75t_R)
   0.13  496.47 ^ $auto$simplemap.cc:496:simplemap_adff$11472/SETN (DFFASRHQNx1_ASAP7_75t_R)
         496.47   data arrival time

 400.00  400.00   clock APB_CLK (rise edge)
 101.85  501.85   clock network delay (propagated)
   0.00  501.85   clock reconvergence pessimism
         501.85 ^ $auto$simplemap.cc:496:simplemap_adff$11472/CLK (DFFASRHQNx1_ASAP7_75t_R)
   8.60  510.46   library recovery time
         510.46   data required time
---------------------------------------------------------
         510.46   data required time
        -496.47   data arrival time
---------------------------------------------------------
          13.98   slack (MET)


Startpoint: miso_pad_i (input port clocked by vclk_APB_CLK)
Endpoint: $auto$simplemap.cc:496:simplemap_adff$11490
          (rising edge-triggered flip-flop clocked by APB_CLK)
Path Group: APB_CLK
Path Type: max

  Delay    Time   Description
---------------------------------------------------------
   0.00    0.00   clock vclk_APB_CLK (rise edge)
 200.00  200.00   clock network delay (ideal)
  80.00  280.00 ^ input external delay
   0.00  280.00 ^ miso_pad_i (in)
  26.96  306.96 ^ $abc$23791$auto$blifparse.cc:371:parse_blif$23833/Y (BUFx2_ASAP7_75t_R)
  44.77  351.73 ^ $abc$23791$auto$blifparse.cc:371:parse_blif$23842/Y (BUFx2_ASAP7_75t_R)
  61.10  412.82 ^ $abc$23791$auto$blifparse.cc:371:parse_blif$24736/Y (HB1xp67_ASAP7_75t_R)
  30.05  442.88 v $abc$23791$auto$blifparse.cc:371:parse_blif$24777/Y (NOR5xp2_ASAP7_75t_R)
  29.58  472.46 ^ $abc$23791$auto$blifparse.cc:371:parse_blif$24778/Y (O2A1O1Ixp33_ASAP7_75t_R)
   0.06  472.52 ^ $auto$simplemap.cc:496:simplemap_adff$11490/D (DFFASRHQNx1_ASAP7_75t_R)
         472.52   data arrival time

 400.00  400.00   clock APB_CLK (rise edge)
 101.53  501.53   clock network delay (propagated)
   0.00  501.53   clock reconvergence pessimism
         501.53 ^ $auto$simplemap.cc:496:simplemap_adff$11490/CLK (DFFASRHQNx1_ASAP7_75t_R)
 -21.92  479.61   library setup time
         479.61   data required time
---------------------------------------------------------
         479.61   data required time
        -472.52   data arrival time
---------------------------------------------------------
           7.10   slack (MET)


Startpoint: PADDR[4] (input port clocked by vclk_APB_CLK)
Endpoint: PRDATA[31] (output port clocked by vclk_APB_CLK)
Path Group: vclk_APB_CLK
Path Type: max

  Delay    Time   Description
---------------------------------------------------------
   0.00    0.00   clock vclk_APB_CLK (rise edge)
 200.00  200.00   clock network delay (ideal)
  80.00  280.00 ^ input external delay
   0.00  280.00 ^ PADDR[4] (in)
  20.31  300.31 v $abc$23791$auto$blifparse.cc:371:parse_blif$23874/Y (INVxp67_ASAP7_75t_R)
  54.11  354.42 v place61/Y (BUFx2_ASAP7_75t_R)
  32.21  386.63 ^ $abc$23791$auto$blifparse.cc:371:parse_blif$24386/Y (NAND3x1_ASAP7_75t_R)
  51.89  438.52 ^ place46/Y (BUFx2_ASAP7_75t_R)
  34.63  473.15 v $abc$23791$auto$blifparse.cc:371:parse_blif$24628/Y (OAI22xp33_ASAP7_75t_R)
  35.89  509.04 v $abc$23791$auto$blifparse.cc:371:parse_blif$24629/Y (OA21x2_ASAP7_75t_R)
   0.62  509.66 v PRDATA[31] (out)
         509.66   data arrival time

 400.00  400.00   clock vclk_APB_CLK (rise edge)
 200.00  600.00   clock network delay (ideal)
   0.00  600.00   clock reconvergence pessimism
 -80.00  520.00   output external delay
         520.00   data required time
---------------------------------------------------------
         520.00   data required time
        -509.66   data arrival time
---------------------------------------------------------
          10.34   slack (MET)


FLOATING NETS REPORT
Design area 201 um^2 69% utilization.
