Warning: Ignoring XDG_SESSION_TYPE=wayland on Gnome. Use QT_QPA_PLATFORM=wayland to run on Wayland anyway.
OpenROAD 26Q2-2517-g7304ba78ad 
Features included (+) or not (-): +GPU +GUI +Python
This program is licensed under the BSD-3 license. See the LICENSE file for details.
Components of this program may be licensed under more restrictive licenses which must be honored.
LOAD FLOORPLAN DATABASE
[WARNING STA-1212] /home/agnibha/Documents/Projects/RTL_GDS_SPI/LIBERTY/asap7_merged_combo.lib line 13178, timing group from output port.
[WARNING STA-1212] /home/agnibha/Documents/Projects/RTL_GDS_SPI/LIBERTY/asap7_merged_combo.lib line 13211, timing group from output port.
[WARNING STA-1212] /home/agnibha/Documents/Projects/RTL_GDS_SPI/LIBERTY/asap7_merged_combo.lib line 13244, timing group from output port.
[WARNING STA-1212] /home/agnibha/Documents/Projects/RTL_GDS_SPI/LIBERTY/asap7_merged_combo.lib line 13277, timing group from output port.
[WARNING STA-1212] /home/agnibha/Documents/Projects/RTL_GDS_SPI/LIBERTY/asap7_merged_combo.lib line 13310, timing group from output port.
[WARNING STA-1212] /home/agnibha/Documents/Projects/RTL_GDS_SPI/LIBERTY/asap7_merged_combo.lib line 13343, timing group from output port.
[WARNING STA-1212] /home/agnibha/Documents/Projects/RTL_GDS_SPI/LIBERTY/asap7_merged_combo.lib line 13376, timing group from output port.
[WARNING STA-1212] /home/agnibha/Documents/Projects/RTL_GDS_SPI/LIBERTY/asap7_merged_combo.lib line 14772, timing group from output port.
[WARNING STA-1212] /home/agnibha/Documents/Projects/RTL_GDS_SPI/LIBERTY/asap7_merged_combo.lib line 14805, timing group from output port.
[WARNING STA-1212] /home/agnibha/Documents/Projects/RTL_GDS_SPI/LIBERTY/asap7_merged_combo.lib line 14838, timing group from output port.
PLACE I/O PINS
Found 0 macro blocks.
[INFO PPL-0044] Pin group: [ PCLK PRESETn ]
[INFO PPL-0044] Pin group: [ ss_pad_o[31] ss_pad_o[30] ss_pad_o[29] ss_pad_o[28] ]
[INFO PPL-0044] Pin group: [ ss_pad_o[27] ss_pad_o[26] ss_pad_o[25] ss_pad_o[24] ]
[INFO PPL-0044] Pin group: [ ss_pad_o[23] ss_pad_o[22] ss_pad_o[21] ss_pad_o[20] ]
[INFO PPL-0044] Pin group: [ ss_pad_o[19] ss_pad_o[18] ss_pad_o[17] ss_pad_o[16] ]
[INFO PPL-0044] Pin group: [ ss_pad_o[15] ss_pad_o[14] ss_pad_o[13] ss_pad_o[12] ]
[INFO PPL-0044] Pin group: [ ss_pad_o[11] ss_pad_o[10] ss_pad_o[9] ss_pad_o[8] ]
[INFO PPL-0044] Pin group: [ ss_pad_o[7] ss_pad_o[6] ss_pad_o[5] ss_pad_o[4] ]
[INFO PPL-0044] Pin group: [ ss_pad_o[3] ss_pad_o[2] ss_pad_o[1] ss_pad_o[0] ]
[INFO PPL-0044] Pin group: [ sclk_pad_o mosi_pad_o miso_pad_i spi_int_o ]
[INFO PPL-0044] Pin group: [ PSEL PENABLE PWRITE ]
[INFO PPL-0044] Pin group: [ PWDATA[31] PWDATA[30] PWDATA[29] PWDATA[28] ]
[INFO PPL-0044] Pin group: [ PWDATA[27] PWDATA[26] PWDATA[25] PWDATA[24] ]
[INFO PPL-0044] Pin group: [ PWDATA[23] PWDATA[22] PWDATA[21] PWDATA[20] ]
[INFO PPL-0044] Pin group: [ PWDATA[19] PWDATA[18] PWDATA[17] PWDATA[16] ]
[INFO PPL-0044] Pin group: [ PWDATA[15] PWDATA[14] PWDATA[13] PWDATA[12] ]
[INFO PPL-0044] Pin group: [ PWDATA[11] PWDATA[10] PWDATA[9] PWDATA[8] ]
[INFO PPL-0044] Pin group: [ PWDATA[7] PWDATA[6] PWDATA[5] PWDATA[4] ]
[INFO PPL-0044] Pin group: [ PWDATA[3] PWDATA[2] PWDATA[1] PWDATA[0] ]
[INFO PPL-0044] Pin group: [ PADDR[4] PADDR[3] PADDR[2] PADDR[1] PADDR[0] ... ]
[INFO PPL-0044] Pin group: [ PSTRB[3] PSTRB[2] PSTRB[1] PSTRB[0] ]
[INFO PPL-0044] Pin group: [ PRDATA[31] PRDATA[30] PRDATA[29] PRDATA[28] ]
[INFO PPL-0044] Pin group: [ PRDATA[27] PRDATA[26] PRDATA[25] PRDATA[24] ]
[INFO PPL-0044] Pin group: [ PRDATA[23] PRDATA[22] PRDATA[21] PRDATA[20] ]
[INFO PPL-0044] Pin group: [ PRDATA[19] PRDATA[18] PRDATA[17] PRDATA[16] ]
[INFO PPL-0044] Pin group: [ PRDATA[15] PRDATA[14] PRDATA[13] PRDATA[12] ]
[INFO PPL-0044] Pin group: [ PRDATA[11] PRDATA[10] PRDATA[9] PRDATA[8] ]
[INFO PPL-0044] Pin group: [ PRDATA[7] PRDATA[6] PRDATA[5] PRDATA[4] ]
[INFO PPL-0044] Pin group: [ PRDATA[3] PRDATA[2] PRDATA[1] PRDATA[0] ]
[INFO PPL-0044] Pin group: [ PREADY PSLVERR ]
[INFO PPL-0067] Restrict pins [ PCLK PRESETn ] to region 0.00u-19.27u at the TOP edge.
[INFO PPL-0067] Restrict pins [ PRDATA[0] PRDATA[10] PRDATA[11] PRDATA[12] PRDATA[13] ... ] to region 0.00u-19.27u at the BOTTOM edge.
[INFO PPL-0067] Restrict pins [ PADDR[0] PADDR[1] PADDR[2] PADDR[3] PADDR[4] ... ] to region 0.00u-19.27u at the LEFT edge.
[INFO PPL-0067] Restrict pins [ miso_pad_i mosi_pad_o sclk_pad_o spi_int_o ss_pad_o[0] ... ] to region 0.00u-19.27u at the RIGHT edge.
[INFO PPL-0001] Number of available slots 220
[INFO PPL-0002] Number of I/O             116
[INFO PPL-0003] Number of I/O w/sink      114
[INFO PPL-0004] Number of I/O w/o sink    2
[INFO PPL-0006] Number of I/O Groups    30
[INFO PPL-0005] Slots per section         200
[INFO PPL-0008] Successfully assigned pins to sections.
[INFO PPL-0012] I/O nets HPWL: 1465.82 um.
Design area 210 um^2 72% utilization.
ESTIMATE PARASITICS
APPLY CELL PADDING
[INFO GPL-0001] ---- Initialize GPL Main Data Structures
[INFO GPL-0002] DBU: 1000
[INFO GPL-0003] SiteSize: (  0.054  0.270 ) um
[INFO GPL-0004] CoreBBox: (  1.026  1.080 ) ( 18.252 18.090 ) um
[INFO GPL-0036] Movable instances area:        208.786 um^2
[INFO GPL-0037] Total instances area:          209.719 um^2
[INFO GPL-0035] Pin density area adjust:        20.296 um^2
[INFO GPL-0032] ---- Initialize Region: Top-level
[INFO GPL-0006] Number of instances:              1885
[INFO GPL-0007] Movable instances:                1853
[INFO GPL-0008] Fixed instances:                    32
[INFO GPL-0009] Dummy instances:                     0
[INFO GPL-0010] Number of nets:                   1905
[INFO GPL-0011] Number of pins:                   6310
[INFO GPL-0012] Die BBox:  (  0.000  0.000 ) ( 19.270 19.270 ) um
[INFO GPL-0013] Core BBox: (  1.026  1.080 ) ( 18.252 18.090 ) um
[INFO GPL-0016] Core area:                     293.014 um^2
[INFO GPL-0014] Region name: top-level.
[INFO GPL-0015] Region area:                   293.014 um^2
[INFO GPL-0017] Fixed instances area:            0.933 um^2
[INFO GPL-0018] Movable instances area:        229.082 um^2
[INFO GPL-0019] Utilization:                    78.431 %
[INFO GPL-0020] Standard cells area:           229.082 um^2
[INFO GPL-0021] Large instances area:            0.000 um^2
[INFO GPL-0005] ---- Execute Conjugate Gradient Initial Placement.
[INFO GPL-0051] Source of initial instance position counters:
	Odb location = 0	Core center = 1853	Region center = 0
[InitialPlace]  Iter: 1 conjugate gradient residual: 0.00000012 HPWL: 3958123
[InitialPlace]  Iter: 2 conjugate gradient residual: 0.00000011 HPWL: 3852664
[InitialPlace]  Iter: 3 conjugate gradient residual: 0.00000009 HPWL: 3830028
[InitialPlace]  Iter: 4 conjugate gradient residual: 0.00000010 HPWL: 3855516
[InitialPlace]  Iter: 5 conjugate gradient residual: 0.00000009 HPWL: 3842343
[INFO GPL-0033] ---- Initialize Nesterov Region: Top-level
[WARNING GPL-0302] Target density 0.6000 is too low for the available free area.
Automatically adjusting to uniform density 0.7900.
[INFO GPL-0023] Placement target density:       0.7900
[INFO GPL-0024] Movable insts average area:      0.124 um^2
[INFO GPL-0025] Ideal bin area:                  0.156 um^2
[INFO GPL-0026] Ideal bin count:                  1872
[INFO GPL-0027] Total bin area:                293.014 um^2
[INFO GPL-0028] Bin count (X, Y):          32 ,     32
[INFO GPL-0029] Bin size (W * H):       0.538 *  0.532 um
[INFO GPL-0030] Number of bins:                   1024
[INFO GPL-0084] ---- Execute Nesterov Global Placement.
[INFO GPL-0031] HPWL: Half-Perimeter Wirelength
Iteration | Overflow |     HPWL (um) |  HPWL(%) |   Penalty | Group
---------------------------------------------------------------
        0 |   0.8960 |  2.320568e+03 |   +0.00% |  6.83e-13 |      
       10 |   0.8515 |  2.563960e+03 |  +10.49% |  1.11e-12 |      
       20 |   0.8490 |  2.566391e+03 |   +0.09% |  1.81e-12 |      
       30 |   0.8472 |  2.561720e+03 |   -0.18% |  2.95e-12 |      
       40 |   0.8448 |  2.555761e+03 |   -0.23% |  4.81e-12 |      
       50 |   0.8443 |  2.552285e+03 |   -0.14% |  7.83e-12 |      
       60 |   0.8447 |  2.552535e+03 |   +0.01% |  1.28e-11 |      
       70 |   0.8445 |  2.554371e+03 |   +0.07% |  2.08e-11 |      
       80 |   0.8440 |  2.554644e+03 |   +0.01% |  3.38e-11 |      
       90 |   0.8440 |  2.555266e+03 |   +0.02% |  5.51e-11 |      
      100 |   0.8440 |  2.556724e+03 |   +0.06% |  8.98e-11 |      
      110 |   0.8437 |  2.560113e+03 |   +0.13% |  1.46e-10 |      
      120 |   0.8434 |  2.566144e+03 |   +0.24% |  2.38e-10 |      
      130 |   0.8429 |  2.575697e+03 |   +0.37% |  3.88e-10 |      
      140 |   0.8425 |  2.591126e+03 |   +0.60% |  6.32e-10 |      
      150 |   0.8403 |  2.616128e+03 |   +0.96% |  1.03e-09 |      
      160 |   0.8355 |  2.654943e+03 |   +1.48% |  1.68e-09 |      
      170 |   0.8313 |  2.714354e+03 |   +2.24% |  2.73e-09 |      
      180 |   0.8208 |  2.800789e+03 |   +3.18% |  4.45e-09 |      
      190 |   0.8041 |  2.917762e+03 |   +4.18% |  7.25e-09 |      
      200 |   0.7820 |  3.055277e+03 |   +4.71% |  1.18e-08 |      
      210 |   0.7533 |  3.205333e+03 |   +4.91% |  1.92e-08 |      
      220 |   0.7207 |  3.354311e+03 |   +4.65% |  3.13e-08 |      
      230 |   0.6805 |  3.507102e+03 |   +4.56% |  5.10e-08 |      
      240 |   0.6395 |  3.647235e+03 |   +4.00% |  8.31e-08 |      
[INFO GPL-0100] Timing-driven iteration 1/2, virtual: false.
[INFO GPL-0101]    Iter: 243, overflow: 0.632, keep resizer changes at: 1, HPWL: 3672649
Iteration |   Area    | Resized | Buffers | Nets repaired | Remaining
---------------------------------------------------------------------
        0 |     +0.0% |       0 |       0 |             0 |      1900
    final |     +0.0% |       0 |       0 |             0 |         0
---------------------------------------------------------------------
   Iter   |    Area   | Removed | Inserted |   Pins
          |           | Buffers | Buffers  | Remaining
-------------------------------------------------------
        0 |     +0.0% |       0 |        0 |      1211
      120 |     -0.7% |      19 |        0 |      1091
      240 |     -1.3% |      37 |        0 |       971
      360 |     -3.2% |      92 |        0 |       851
      480 |     -3.5% |     103 |        0 |       731
      600 |     -3.6% |     106 |        0 |       611
      720 |     -4.3% |     128 |        4 |       491
      840 |     -4.7% |     147 |       11 |       371
      960 |     -5.0% |     160 |       16 |       251
     1080 |     -5.1% |     170 |       19 |       131
     1200 |     -5.7% |     191 |       26 |        11
    final |     -6.0% |     203 |       29 |         0
-------------------------------------------------------
[INFO GPL-0106] Timing-driven: worst slack -2.8e-10
[INFO GPL-0107] Timing-driven: repair_design delta area: -12.597 um^2 (-5.50%)
[INFO GPL-0108] Timing-driven: repair_design, gpl delta gcells: -174 (-9.39%)
[INFO GPL-0109] Timing-driven: repair_design, gcells created: 29, deleted: 203
[INFO GPL-0110] Timing-driven: new target density: 0.7468712
[INFO GPL-0038] Routability snapshot saved at iter = 249
      248 |   0.5998 |  3.513959e+03 |          |           |      
Iteration | Overflow |     HPWL (um) |  HPWL(%) |   Penalty | Group
---------------------------------------------------------------
      250 |   0.5836 |  3.527056e+03 |   -3.30% |  1.35e-07 |      
      260 |   0.5403 |  3.597002e+03 |   +1.98% |  2.20e-07 |      
      270 |   0.4893 |  3.722779e+03 |   +3.50% |  3.59e-07 |      
      280 |   0.4284 |  3.793659e+03 |   +1.90% |  5.85e-07 |      
      290 |   0.3758 |  3.904962e+03 |   +2.93% |  9.53e-07 |      
      300 |   0.3187 |  4.006723e+03 |   +2.61% |  1.51e-06 |      
[INFO GPL-0040] Routability iteration: 1
[INFO GPL-0041] Total routing overflow: 0.0000
[INFO GPL-0042] Number of overflowed tiles: 0 (0.00%)
[INFO GPL-0043] Average top 0.5% routing congestion: 0.6681
[INFO GPL-0044] Average top 1.0% routing congestion: 0.6532
[INFO GPL-0045] Average top 2.0% routing congestion: 0.6339
[INFO GPL-0046] Average top 5.0% routing congestion: 0.6003
[INFO GPL-0047] Routability iteration weighted routing congestion: 0.6607
[INFO GPL-0050] Weighted routing congestion is lower than target routing congestion(1.0100), end routability optimization.
[INFO GPL-0090] Routability finished. Target routing congestion achieved succesfully.
Iteration | Overflow |     HPWL (um) |  HPWL(%) |   Penalty | Group
---------------------------------------------------------------
      310 |   0.2887 |  4.028157e+03 |   +0.53% |  2.22e-06 |      
      320 |   0.2500 |  4.068045e+03 |   +0.99% |  3.27e-06 |      
      330 |   0.2257 |  4.088662e+03 |   +0.51% |  4.81e-06 |      
      340 |   0.1958 |  4.104681e+03 |   +0.39% |  7.09e-06 |      
[INFO GPL-0100] Timing-driven iteration 2/2, virtual: false.
[INFO GPL-0101]    Iter: 342, overflow: 0.194, keep resizer changes at: 1, HPWL: 4107634
Iteration |   Area    | Resized | Buffers | Nets repaired | Remaining
---------------------------------------------------------------------
        0 |     +0.0% |       0 |       0 |             0 |      1726
    final |     +0.0% |       0 |       0 |             0 |         0
---------------------------------------------------------------------
   Iter   |    Area   | Removed | Inserted |   Pins
          |           | Buffers | Buffers  | Remaining
-------------------------------------------------------
        0 |     +0.0% |       0 |        0 |      1211
      120 |     +0.0% |       0 |        0 |      1091
      240 |     +0.0% |       0 |        0 |       971
      360 |     +0.0% |       0 |        0 |       851
      480 |     +0.0% |       0 |        0 |       731
      600 |     +0.0% |       0 |        0 |       611
      720 |     +0.0% |       4 |        4 |       491
      840 |     +0.0% |      11 |       12 |       371
      960 |     +0.1% |      16 |       18 |       251
     1080 |     +0.1% |      19 |       21 |       131
     1200 |     +0.1% |      26 |       28 |        11
    final |     +0.2% |      29 |       32 |         0
-------------------------------------------------------
[INFO GPL-0106] Timing-driven: worst slack -2.8e-10
[INFO GPL-0107] Timing-driven: repair_design delta area: 0.321 um^2 (+0.15%)
[INFO GPL-0108] Timing-driven: repair_design, gpl delta gcells: 3 (+0.18%)
[INFO GPL-0109] Timing-driven: repair_design, gcells created: 32, deleted: 29
[INFO GPL-0110] Timing-driven: new target density: 0.7479693
Iteration | Overflow |     HPWL (um) |  HPWL(%) |   Penalty | Group
---------------------------------------------------------------
      350 |   0.1647 |  4.126086e+03 |   +0.52% |  1.04e-05 |      
      360 |   0.1413 |  4.122380e+03 |   -0.09% |  1.54e-05 |      
      370 |   0.1167 |  4.123728e+03 |   +0.03% |  2.27e-05 |      
      379 |   0.0994 |  4.128215e+03 |          |  3.34e-05 |      
---------------------------------------------------------------
[INFO GPL-1001] Global placement finished at iteration 379
[INFO GPL-1017] Routability mode iteration count: 57
[INFO GPL-1005] Routability final weighted congestion: 0.6229
[INFO GPL-1002] Placed Cell Area              216.8053
[INFO GPL-1003] Available Free Area           292.0811
[INFO GPL-1004] Minimum Feasible Density        0.7900 (cell_area / free_area)
[INFO GPL-1006]   Suggested Target Densities:
[INFO GPL-1007]     - For 90% usage of free space: 0.8248
[INFO GPL-1008]     - For 80% usage of free space: 0.9278
[INFO GPL-1011] Original area (um^2): 229.08
[INFO GPL-1012] Total routability artificial inflation: 0.00 (+0.00%)
[INFO GPL-1013] Total timing-driven delta area: -12.28 (-5.36%)
[INFO GPL-1014] Final placement area: 216.81 (-5.36%)
ESTIMATE PARASITICS AFTER GLOBAL PLACEMENT
[INFO DPL-0006] Core area: 293.01 um^2, Instances area: 197.44 um^2, Utilization: 67.4%
[INFO DPL-0005] Diamond search max displacement: +/- 500 sites horizontally, +/- 100 rows vertically.
[INFO DPL-1101] Legalizing using diamond search.
Movements Summary
---------------------------------------
Total cells:                    1682
Diamond Move Success:           1682 (100.00%)
Diamond Move Failure:              0
Rip-up and replace Success:        0 (  0.00% of diamond failures)
Rip-up and replace Failure:        0
Total Placement Failures:          0
---------------------------------------
[INFO DPL-0500] Runtime: 0.02s
Placement Analysis
---------------------------------
total displacement        533.4 u
average displacement        0.3 u
max displacement            1.3 u
original HPWL            4148.2 u
legalized HPWL           4676.8 u
delta HPWL                   13 %

Iteration |   Area    | Resized | Buffers | Nets repaired | Remaining
---------------------------------------------------------------------
        0 |     +0.0% |       0 |       0 |             0 |      1729
    final |     +0.0% |       0 |       0 |             0 |         0
---------------------------------------------------------------------
[INFO RSZ-0504] Runtime: 0.14s
ESTIMATE PARASITICS AFTER HFNS & DETAILED PLACEMENT
[INFO DPL-0006] Core area: 293.01 um^2, Instances area: 197.44 um^2, Utilization: 67.4%
[INFO DPL-0005] Diamond search max displacement: +/- 500 sites horizontally, +/- 100 rows vertically.
[INFO DPL-1101] Legalizing using diamond search.
Movements Summary
---------------------------------------
Total cells:                    1682
Diamond Move Success:           1682 (100.00%)
Diamond Move Failure:              0
Rip-up and replace Success:        0 (  0.00% of diamond failures)
Rip-up and replace Failure:        0
Total Placement Failures:          0
---------------------------------------
[INFO DPL-0500] Runtime: 0.01s
Placement Analysis
---------------------------------
total displacement          0.0 u
average displacement        0.0 u
max displacement            0.0 u
original HPWL            4676.8 u
legalized HPWL           4676.8 u
delta HPWL                    0 %

VERIFY PLACEMENT LEGALITY
PLACEMENT QUALITY REPORTS
wns max 0.00
tns max 0.00
Startpoint: PRESETn (input port clocked by vclk_APB_CLK)
Endpoint: $auto$simplemap.cc:496:simplemap_adff$11577
          (recovery check against rising-edge clock APB_CLK)
Path Group: asynchronous
Path Type: max

  Delay    Time   Description
---------------------------------------------------------
   0.00    0.00   clock vclk_APB_CLK (rise edge)
 200.00  200.00   clock network delay (ideal)
  80.00  280.00 ^ input external delay
   0.00  280.00 ^ PRESETn (in)
  69.37  349.37 ^ $abc$23791$auto$blifparse.cc:371:parse_blif$25070/Y (HB1xp67_ASAP7_75t_R)
  88.89  438.26 ^ $abc$23791$auto$blifparse.cc:371:parse_blif$25159/Y (HB1xp67_ASAP7_75t_R)
  46.99  485.25 ^ $abc$23791$auto$blifparse.cc:371:parse_blif$25160/Y (HB1xp67_ASAP7_75t_R)
   0.06  485.31 ^ $auto$simplemap.cc:496:simplemap_adff$11577/SETN (DFFASRHQNx1_ASAP7_75t_R)
         485.31   data arrival time

 400.00  400.00   clock APB_CLK (rise edge)
 200.00  600.00   clock network delay (ideal)
   0.00  600.00   clock reconvergence pessimism
         600.00 ^ $auto$simplemap.cc:496:simplemap_adff$11577/CLK (DFFASRHQNx1_ASAP7_75t_R)
   3.06  603.06   library recovery time
         603.06   data required time
---------------------------------------------------------
         603.06   data required time
        -485.31   data arrival time
---------------------------------------------------------
         117.75   slack (MET)


Startpoint: $auto$simplemap.cc:496:simplemap_adff$11445
            (rising edge-triggered flip-flop clocked by APB_CLK)
Endpoint: $auto$simplemap.cc:496:simplemap_adff$11476
          (rising edge-triggered flip-flop clocked by APB_CLK)
Path Group: APB_CLK
Path Type: max

  Delay    Time   Description
---------------------------------------------------------
   0.00    0.00   clock APB_CLK (rise edge)
 200.00  200.00   clock network delay (ideal)
   0.00  200.00 ^ $auto$simplemap.cc:496:simplemap_adff$11445/CLK (DFFASRHQNx1_ASAP7_75t_R)
 108.97  308.97 v $auto$simplemap.cc:496:simplemap_adff$11445/QN (DFFASRHQNx1_ASAP7_75t_R)
 107.91  416.88 ^ $abc$23791$auto$blifparse.cc:371:parse_blif$24795/Y (NAND3x1_ASAP7_75t_R)
  74.82  491.70 ^ $abc$23791$auto$blifparse.cc:371:parse_blif$24796/Y (OR2x2_ASAP7_75t_R)
  29.32  521.02 v $abc$23791$auto$blifparse.cc:371:parse_blif$24827/Y (O2A1O1Ixp5_ASAP7_75t_R)
   0.04  521.06 v $auto$simplemap.cc:496:simplemap_adff$11476/D (DFFASRHQNx1_ASAP7_75t_R)
         521.06   data arrival time

 400.00  400.00   clock APB_CLK (rise edge)
 200.00  600.00   clock network delay (ideal)
   0.00  600.00   clock reconvergence pessimism
         600.00 ^ $auto$simplemap.cc:496:simplemap_adff$11476/CLK (DFFASRHQNx1_ASAP7_75t_R)
 -11.58  588.42   library setup time
         588.42   data required time
---------------------------------------------------------
         588.42   data required time
        -521.06   data arrival time
---------------------------------------------------------
          67.36   slack (MET)


Startpoint: PADDR[4] (input port clocked by vclk_APB_CLK)
Endpoint: PRDATA[21] (output port clocked by vclk_APB_CLK)
Path Group: vclk_APB_CLK
Path Type: max

  Delay    Time   Description
---------------------------------------------------------
   0.00    0.00   clock vclk_APB_CLK (rise edge)
 200.00  200.00   clock network delay (ideal)
  80.00  280.00 v input external delay
   0.00  280.00 v PADDR[4] (in)
  26.81  306.81 v $abc$23791$auto$blifparse.cc:371:parse_blif$24340/Y (BUFx2_ASAP7_75t_R)
  58.66  365.46 v $abc$23791$auto$blifparse.cc:371:parse_blif$24350/Y (HB1xp67_ASAP7_75t_R)
  37.50  402.97 ^ $abc$23791$auto$blifparse.cc:371:parse_blif$24565/Y (NAND2xp33_ASAP7_75t_R)
  30.38  433.35 v $abc$23791$auto$blifparse.cc:371:parse_blif$24566/Y (OAI211xp5_ASAP7_75t_R)
  29.06  462.41 ^ $abc$23791$auto$blifparse.cc:371:parse_blif$24567/Y (O2A1O1Ixp33_ASAP7_75t_R)
  26.84  489.25 ^ $abc$23791$auto$blifparse.cc:371:parse_blif$24569/Y (OA21x2_ASAP7_75t_R)
   0.02  489.27 ^ PRDATA[21] (out)
         489.27   data arrival time

 400.00  400.00   clock vclk_APB_CLK (rise edge)
 200.00  600.00   clock network delay (ideal)
   0.00  600.00   clock reconvergence pessimism
 -80.00  520.00   output external delay
         520.00   data required time
---------------------------------------------------------
         520.00   data required time
        -489.27   data arrival time
---------------------------------------------------------
          30.73   slack (MET)


Design area 197 um^2 67% utilization.
