
18. Executing CHECK pass (checking for obvious problems).
checking module spi_top..
Warning: Wire spi_top.\ss_pad_o [31] is used but has no driver.
Warning: Wire spi_top.\ss_pad_o [30] is used but has no driver.
Warning: Wire spi_top.\ss_pad_o [29] is used but has no driver.
Warning: Wire spi_top.\ss_pad_o [28] is used but has no driver.
Warning: Wire spi_top.\ss_pad_o [27] is used but has no driver.
Warning: Wire spi_top.\ss_pad_o [26] is used but has no driver.
Warning: Wire spi_top.\ss_pad_o [25] is used but has no driver.
Warning: Wire spi_top.\ss_pad_o [24] is used but has no driver.
Warning: Wire spi_top.\ss_pad_o [23] is used but has no driver.
Warning: Wire spi_top.\ss_pad_o [22] is used but has no driver.
Warning: Wire spi_top.\ss_pad_o [21] is used but has no driver.
Warning: Wire spi_top.\ss_pad_o [20] is used but has no driver.
Warning: Wire spi_top.\ss_pad_o [19] is used but has no driver.
Warning: Wire spi_top.\ss_pad_o [18] is used but has no driver.
Warning: Wire spi_top.\ss_pad_o [17] is used but has no driver.
Warning: Wire spi_top.\ss_pad_o [16] is used but has no driver.
Warning: Wire spi_top.\ss_pad_o [15] is used but has no driver.
Warning: Wire spi_top.\ss_pad_o [14] is used but has no driver.
Warning: Wire spi_top.\ss_pad_o [13] is used but has no driver.
Warning: Wire spi_top.\ss_pad_o [12] is used but has no driver.
Warning: Wire spi_top.\ss_pad_o [11] is used but has no driver.
Warning: Wire spi_top.\ss_pad_o [10] is used but has no driver.
Warning: Wire spi_top.\ss_pad_o [9] is used but has no driver.
Warning: Wire spi_top.\ss_pad_o [8] is used but has no driver.
Warning: Wire spi_top.\ss_pad_o [7] is used but has no driver.
Warning: Wire spi_top.\ss_pad_o [6] is used but has no driver.
Warning: Wire spi_top.\ss_pad_o [5] is used but has no driver.
Warning: Wire spi_top.\ss_pad_o [4] is used but has no driver.
Warning: Wire spi_top.\ss_pad_o [3] is used but has no driver.
Warning: Wire spi_top.\ss_pad_o [2] is used but has no driver.
Warning: Wire spi_top.\ss_pad_o [1] is used but has no driver.
Warning: Wire spi_top.\ss_pad_o [0] is used but has no driver.
Warning: Wire spi_top.\spi_int_o is used but has no driver.
Warning: Wire spi_top.\u_clgen.clk_out is used but has no driver.
Warning: Wire spi_top.\u_shift.serial_out is used but has no driver.
Warning: Wire spi_top.\PSLVERR is used but has no driver.
Warning: Wire spi_top.\PREADY is used but has no driver.
Warning: Wire spi_top.\PRDATA [31] is used but has no driver.
Warning: Wire spi_top.\PRDATA [30] is used but has no driver.
Warning: Wire spi_top.\PRDATA [29] is used but has no driver.
Warning: Wire spi_top.\PRDATA [28] is used but has no driver.
Warning: Wire spi_top.\PRDATA [27] is used but has no driver.
Warning: Wire spi_top.\PRDATA [26] is used but has no driver.
Warning: Wire spi_top.\PRDATA [25] is used but has no driver.
Warning: Wire spi_top.\PRDATA [24] is used but has no driver.
Warning: Wire spi_top.\PRDATA [23] is used but has no driver.
Warning: Wire spi_top.\PRDATA [22] is used but has no driver.
Warning: Wire spi_top.\PRDATA [21] is used but has no driver.
Warning: Wire spi_top.\PRDATA [20] is used but has no driver.
Warning: Wire spi_top.\PRDATA [19] is used but has no driver.
Warning: Wire spi_top.\PRDATA [18] is used but has no driver.
Warning: Wire spi_top.\PRDATA [17] is used but has no driver.
Warning: Wire spi_top.\PRDATA [16] is used but has no driver.
Warning: Wire spi_top.\PRDATA [15] is used but has no driver.
Warning: Wire spi_top.\PRDATA [14] is used but has no driver.
Warning: Wire spi_top.\PRDATA [13] is used but has no driver.
Warning: Wire spi_top.\PRDATA [12] is used but has no driver.
Warning: Wire spi_top.\PRDATA [11] is used but has no driver.
Warning: Wire spi_top.\PRDATA [10] is used but has no driver.
Warning: Wire spi_top.\PRDATA [9] is used but has no driver.
Warning: Wire spi_top.\PRDATA [8] is used but has no driver.
Warning: Wire spi_top.\PRDATA [7] is used but has no driver.
Warning: Wire spi_top.\PRDATA [6] is used but has no driver.
Warning: Wire spi_top.\PRDATA [5] is used but has no driver.
Warning: Wire spi_top.\PRDATA [4] is used but has no driver.
Warning: Wire spi_top.\PRDATA [3] is used but has no driver.
Warning: Wire spi_top.\PRDATA [2] is used but has no driver.
Warning: Wire spi_top.\PRDATA [1] is used but has no driver.
Warning: Wire spi_top.\PRDATA [0] is used but has no driver.
found and reported 69 problems.
