
23. Printing statistics.

=== spi_top ===

   Number of wires:               1855
   Number of wire bits:           1955
   Number of public wires:          71
   Number of public wire bits:     171
   Number of memories:               0
   Number of memory bits:            0
   Number of processes:              0
   Number of cells:               1853
     A2O1A1Ixp33_ASAP7_75t_R        29
     A2O1A1O1Ixp25_ASAP7_75t_R       1
     AND2x2_ASAP7_75t_R              7
     AND3x1_ASAP7_75t_R              9
     AND4x1_ASAP7_75t_R              6
     AND5x1_ASAP7_75t_R              2
     AND5x2_ASAP7_75t_R              1
     AO21x1_ASAP7_75t_R             36
     AO22x1_ASAP7_75t_R              2
     AO32x1_ASAP7_75t_R              2
     AOI211xp5_ASAP7_75t_R           3
     AOI21xp33_ASAP7_75t_R          80
     AOI221x1_ASAP7_75t_R            1
     AOI221xp5_ASAP7_75t_R           1
     AOI22xp33_ASAP7_75t_R           2
     AOI311xp33_ASAP7_75t_R          7
     AOI31xp67_ASAP7_75t_R           1
     AOI321xp33_ASAP7_75t_R         22
     BUFx2_ASAP7_75t_R             150
     BUFx3_ASAP7_75t_R              24
     BUFx4f_ASAP7_75t_R              3
     BUFx6f_ASAP7_75t_R              4
     DFFASRHQNx1_ASAP7_75t_R       229
     HB1xp67_ASAP7_75t_R           231
     INVx1_ASAP7_75t_R              10
     INVx2_ASAP7_75t_R               2
     INVx3_ASAP7_75t_R               1
     INVx4_ASAP7_75t_R               1
     INVxp33_ASAP7_75t_R            56
     INVxp67_ASAP7_75t_R             1
     NAND2x1_ASAP7_75t_R             1
     NAND2x1p5_ASAP7_75t_R           1
     NAND2xp33_ASAP7_75t_R          88
     NAND2xp5_ASAP7_75t_R            6
     NAND3x1_ASAP7_75t_R             8
     NAND3x2_ASAP7_75t_R             1
     NAND3xp33_ASAP7_75t_R          26
     NAND4xp25_ASAP7_75t_R          17
     NAND4xp75_ASAP7_75t_R          12
     NAND5xp2_ASAP7_75t_R           21
     NOR2x1_ASAP7_75t_R              6
     NOR2x1p5_ASAP7_75t_R            1
     NOR2xp33_ASAP7_75t_R           96
     NOR2xp67_ASAP7_75t_R            1
     NOR3x1_ASAP7_75t_R              4
     NOR3x2_ASAP7_75t_R              1
     NOR3xp33_ASAP7_75t_R           98
     NOR4xp25_ASAP7_75t_R           10
     NOR4xp75_ASAP7_75t_R            3
     NOR5xp2_ASAP7_75t_R            27
     O2A1O1Ixp33_ASAP7_75t_R        12
     O2A1O1Ixp5_ASAP7_75t_R        117
     OA211x2_ASAP7_75t_R             2
     OA21x2_ASAP7_75t_R             19
     OAI211xp5_ASAP7_75t_R          17
     OAI21xp33_ASAP7_75t_R           9
     OAI21xp5_ASAP7_75t_R           14
     OAI22xp33_ASAP7_75t_R          19
     OAI31xp67_ASAP7_75t_R           2
     OAI32xp33_ASAP7_75t_R           7
     OR2x2_ASAP7_75t_R              17
     OR3x1_ASAP7_75t_R               9
     OR4x1_ASAP7_75t_R               1
     TIEHIx1_ASAP7_75t_R           230
     TIELOx1_ASAP7_75t_R             1
     XNOR2xp5_ASAP7_75t_R           12
     XOR2xp5_ASAP7_75t_R            13

